static const MemMapEntry virt_memmap[] = {
    [VIRT_DEBUG] =        {        0x0,         0x100 },
    [VIRT_MROM] =         {     0x1000,        0xf000 },
    [VIRT_TEST] =         {   0x100000,        0x1000 },
    [VIRT_RTC] =          {   0x101000,        0x1000 },
    [VIRT_CLINT] =        {  0x2000000,       0x10000 },
    [VIRT_ACLINT_SSWI] =  {  0x2F00000,        0x4000 },
    [VIRT_PCIE_PIO] =     {  0x3000000,       0x10000 },
    [VIRT_PLATFORM_BUS] = {  0x4000000,     0x2000000 },
    [VIRT_PLIC] =         {  0xc000000, VIRT_PLIC_SIZE(VIRT_CPUS_MAX * 2) },
    [VIRT_APLIC_M] =      {  0xc000000, APLIC_SIZE(VIRT_CPUS_MAX) },
    [VIRT_APLIC_S] =      {  0xd000000, APLIC_SIZE(VIRT_CPUS_MAX) },
    [VIRT_UART0] =        { 0x10000000,         0x100 },
    [VIRT_VIRTIO] =       { 0x10001000,        0x1000 },
    [VIRT_FW_CFG] =       { 0x10100000,          0x18 },
    [VIRT_FLASH] =        { 0x20000000,     0x4000000 },                       // Mostly place to get flash 
    [VIRT_IMSIC_M] =      { 0x24000000, VIRT_IMSIC_MAX_SIZE },
    [VIRT_IMSIC_S] =      { 0x28000000, VIRT_IMSIC_MAX_SIZE },
    [VIRT_PCIE_ECAM] =    { 0x30000000,    0x10000000 },
    [VIRT_PCIE_MMIO] =    { 0x40000000,    0x40000000 },
    [VIRT_DRAM] =         { 0x80000000,           0x0 },                       // DRAM
};

https://gitlab.com/qemu-project/qemu/-/blob/master/hw/riscv/virt.c?ref_type=heads

findfp.c:(.text.global_stdio_init.part.0+0x2): relocation truncated to fit: R_RISCV_HI20 against `stdio_exit_handler'
/opt/riscv/lib/gcc/riscv64-unknown-elf/13.2.0/../../../../riscv64-unknown-elf/lib/libc.a(libc_a-findfp.o): in function `__sfp':
findfp.c:(.text.__sfp+0x0): relocation truncated to fit: R_RISCV_HI20 against symbol `__stdio_exit_handler' defined in .sbss.__stdio_exit_handler section in /opt/riscv/lib/gcc/riscv64-unknown-elf/13.2.0/../../../../riscv64-unknown-elf/lib/libc.a(libc_a-findfp.o)
/opt/riscv/lib/gcc/riscv64-unknown-elf/13.2.0/../../../../riscv64-unknown-elf/lib/libc.a(libc_a-findfp.o): in function `__sinit':
findfp.c:(.text.__sinit+0x6): additional relocation overflows omitted from the output


sbrk.c:(.text._sbrk+0x14): undefined reference to `end'